Payee;Count;Amount;Accounts;Min date;Max date
Outdoor Inc;1;-250,00;🏦 Chequing;2023-09-12;2023-09-12
