Description;Nombre;Montant;Comptes;Date min;Max date
Outdoor Inc;1;-250,00;🏦 Chequing;2023-09-12;2023-09-12
Insurrance XYZ;1;-450,00;🏦 Chequing;2023-09-05;2023-09-05
