Description;Nombre;Montant;Comptes;Date min;Date max
