No txn;Date;Compte;Montant;Date du relevé;Description du relevé;Commentaire
