No txn;Date;Compte;Montant;Contrepartie;Date du relevé;Description du relevé;Commentaire;No d'écriture;Nom;Numéro;Compte niveau 1;Compte niveau 2;Compte niveau 3;Compte dans Comptes courants;Txn dans Comptes courants;Année;Mois;Année-Mois;Année relative;Mois relatif;Année fiscale;Mois fiscal;Derniers 91 jours;Derniers 182 jours;Derniers 365 jours;Autres comptes
1;2023-08-01;Compte courant;2500,00;;2023-08-01;;;1;🏦 Compte courant;1002;Actifs;📅 Court terme;🏦 Compte courant;Vrai;Vrai;2023;8;2023-08;0;-1;2023;8;Vrai;Vrai;Vrai;🏁 Solde d'ouverture
1;2023-08-01;Solde d'ouverture;-2500,00;;2023-08-01;;;2;🏁 Solde d'ouverture;3001;Capitaux propres;🏁 Solde d'ouverture;;Faux;Vrai;2023;8;2023-08;0;-1;2023;8;Vrai;Vrai;Vrai;🏦 Compte courant
