Date;Account;Statement balance
2023-07-31;Chequing;0,00
2023-08-31;Chequing;3000,00
2023-08-31;Retirement;58000,00
2023-08-31;Credit card;-2200,53
